

# Usage
```shell
$ python3 battle_status.py
```

# Examples
```shell
$ python3 battle_status.py --help
usage: battle_status.py [-h] [--game {game1, game2, game3, game4, game5, game6, game7, game8, game9, game10}]
                         [--enemy {enemy1, enemy2, enemy3, enemy4, enemy5, enemy6, enemy7, enemy8, enemy9, enemy10}]
                         [--id {id1, id2, id3, id4, id5, id6, id7, id8, id9, id10}]
                         [--name {name1, name2, name3, name4, name5, name6, name7, name8, name9, name10}]
                         [--description {description1, description2, description3, description4, description5, description6, description7, description8, description9, description10}]
                         [--hp {hp1, hp2, hp3, hp4, hp5, hp6, hp7, hp8, hp9, hp10}]
                         [--mp {mp1, mp2, mp3, mp4, mp5, mp6, mp7, mp8, mp9, mp10}]
                         [--atk {atk1, atk2, atk3, atk4, atk5, atk6, atk7, atk8, atk9, atk10}]
                         [--def {def1, def2, def3, def4, def5, def6, def7, def8, def9, def10}]
                         [--spd {spd1, spd2, spd3, spd4, spd5, spd6, spd7, spd8, spd9, spd10}]
                         [--help]
                         [--version]

battle_status.py: error: the following arguments are required: --game
                         --enemy
                         --id
                         --name
                         --description
                         --hp
                         --mp
                         --atk
                         --def
                         --spd

usage: battle_status.py --game {game1, game2, game3, game4, game5, game6, game7, game8, game9, game10} [--enemy {enemy1, enemy2, enemy3, enemy4, enemy5, enemy6, enemy7, enemy8, enemy9, enemy10}] [--id {id1, id2, id3, id4, id5, id6, id7, id8, id9, id10}] [--name {name1, name2, name3, name4, name5, name6, name7, name8, name9, name10}] [--description {description1, description2, description3, description4, description5, description6, description7, description8, description9, description10}] [--hp {hp1, hp2, hp3, hp4, hp5, hp6, hp7, hp8, hp9, hp10}] [--mp {mp1, mp2, mp3, mp4, mp5, mp6, mp7, mp8, mp9, mp10}] [--atk {atk1, atk2, atk3, atk4, atk5, atk6, atk7, atk8, atk9, atk10}] [--def {def1, def2, def3, def4, def5, def6, def7, def8, def9, def10}] [--spd {spd1, spd2, spd3, spd4, spd5, spd6, spd7, spd8, spd9, spd10}] [--help] [--version]
battle_status.py: error: the following arguments are required: --game
                         --enemy
                         --id
                         --name
                         --description
                         --hp
                         --mp
                         --atk
                         --def
                         --spd
```

# Parameters
```shell
$ python3 battle_status.py --help
usage: battle_status.py [-h] [--game {game1, game2, game3, game4, game5, game6, game7, game8, game9, game10}]
                         [--enemy {enemy1, enemy2, enemy3, enemy4, enemy5, enemy6, enemy7, enemy8, enemy9, enemy10}]
                         [--id {id1, id2, id3, id4, id5, id6, id7, id8, id9, id10}]
                         [--name {name1, name2, name3, name4, name5, name6, name7, name8, name9, name10}]
                         [--description {description1, description2, description3, description4, description5, description6, description7, description8, description9, description10}]
                         [--hp {hp1, hp2, hp3, hp4, hp5, hp6, hp7, hp8, hp9, hp10}]
                         [--mp {mp1, mp2, mp3, mp4, mp5, mp6, mp7, mp8, mp9, mp10}]
                         [--atk {atk1, atk2, atk3, atk4, atk5, atk6, atk7, atk8, atk9, atk10}]
                         [--def {def1, def2, def3, def4, def5, def6, def7, def8, def9, def10}]
                         [--spd {spd1, spd2, spd3, spd4, spd5, spd6, spd7, spd8, spd9, spd10}]
                         [--help]
                         [--version]

battle_status.py: error: the following arguments are required: --game
                         --enemy
                         --id
                         --name
                         --description
                         --hp
                         --mp
                         --atk
                         --def
                         --spd
```

# Parameters
```shell
$ python3 battle_status.py --help
usage: battle_status.py [-h] [--game {game1, game2, game3, game4, game5, game6, game7, game8, game9, game10}]
                         [--enemy {enemy1, enemy2, enemy3, enemy4, enemy5, enemy6, enemy7, enemy8, enemy9, enemy10}]
                         [--id {id1, id2, id3, id4, id5, id6, id7, id8, id9, id10}]
                         [--name {name1, name2, name3, name4, name5, name6, name7, name8, name9, name10}]
                         [--description {description1, description2, description3, description4, description5, description6, description7, description8, description9, description10}]
                         [--hp {hp1, hp2, hp3, hp4, hp5, hp6, hp7, hp8, hp9, hp10}]
                         [--mp {mp1, mp2, mp3, mp4, mp5, mp6, mp7, mp8, mp9, mp10}]
                         [--atk {atk1, atk2, atk3, atk4, atk5, atk6, atk7, atk8, atk9, atk10}]
                         [--def {def1, def2, def3, def4, def5, def6, def7, def8, def9, def10}]
                         [--spd {spd1, spd2, spd3, spd4, spd5, spd6, spd7, spd8, spd9, spd10}]
                         [--help]
                         [--version]

battle_status.py: error: the following arguments are required: --game
                         --enemy
                         --id
                         --name
                         --description
                         --hp
                         --mp
                         --atk
                         --def
                         --spd
```

# Parameters
```shell
$ python3 battle_status.py --help
usage: battle_status.py [-h] [--game {game1, game2, game3, game4, game5, game6, game7, game8, game9, game10}]
                         [--enemy {enemy1, enemy2, enemy3, enemy4, enemy5, enemy6, enemy7, enemy8, enemy9, enemy10}]
                         [--id {id1, id2, id3, id4, id5, id6, id7, id8, id9, id10}]
                         [--name {name1, name2, name3, name4, name5, name6, name7, name8, name9, name10}]
                         [--description {description1, description2, description3, description4, description5, description6, description7, description8, description9, description10}]
                         [--hp {hp1, hp2, hp3, hp4, hp5, hp6, hp7, hp8, hp9, hp10}]
                         [--mp {mp1, mp2, mp3, mp4, mp5, mp6, mp7, mp8, mp9, mp10}]
                         [--atk {atk1, atk2, atk3, atk4, atk5, atk6, atk7, atk8, atk9, atk10}]
                         [--def {def1, def2, def3, def4, def5, def6, def7, def8, def9, def10}]
                         [--spd {spd1, spd2, spd3, spd4, spd5, spd6, spd7, spd8, spd9, spd10}]
                         [--help]
                         [--version]

battle_status.py: error: the following arguments are required: --game
                         --enemy
                         --id
                         --name
                         --description
                         --hp
                         --mp
                         --atk
                         --def
                         --spd
```

# Parameters
```shell
$ python3 battle_status.py --help
usage: battle_status.py [-h] [--game {game1, game2, game3, game4, game5, game6, game7, game8, game9, game10}]
                         [--enemy {enemy1, enemy2, enemy3, enemy4, enemy5, enemy6, enemy7, enemy8, enemy9, enemy10}]
                         [--id {id1, id2, id3, id4, id5, id6, id7, id8, id9, id10}]
                         [--name {name1, name2, name3, name4, name5, name6, name7, name8, name9, name10}]
                         [--description {description1, description2, description3, description4, description5, description6, description7, description8, description9, description10}]
                         [--hp {hp1, hp2, hp3, hp4, hp5, hp6, hp7, hp8, hp9, hp10}]
                         [--mp {mp1, mp2, mp3, mp4, mp5, mp6, mp7, mp8, mp9, mp10}]
                         [--atk {atk1, atk2, atk3, atk4, atk5, atk6, atk7, atk8, atk9, atk10}]
                         [--def {def1, def2, def3, def4, def5, def6, def7, def8, def9, def10}]
                         [--spd {spd1, spd2, spd3, spd4, spd5, spd6, spd7, spd8, spd9, spd10}]
                         [--help]
                         [--version]

battle_status.py: error: the following arguments are required: --game
                         --enemy
                         --id
                         --name
                         --description
                         --hp
                         --mp
                         --atk
                         --def
                         --spd
```

# Parameters
```shell
$ python3 battle_status.py --help
usage: battle_status.py [-h] [--game {game1, game2, game3, game4, game5, game6, game7, game8, game9, game10}]
                         [--enemy {enemy1, enemy2, enemy3, enemy4, enemy5, enemy6, enemy7, enemy8, enemy9, enemy10}]
                         [--id {id1, id2, id3, id4, id5, id6, id7, id8, id9, id10}]
                         [--name {name1, name2, name3, name4, name5, name6, name7, name8, name9, name10}]
                         [--description {description1, description2, description3, description4, description5, description6, description7, description8, description9, description10}]
                         [--hp {hp1, hp2, hp3, hp4, hp5, hp6, hp7, hp8, hp9, hp10}]
                         [--mp {mp1, mp2, mp3, mp4, mp5, mp6, mp7, mp8, mp9, mp10}]
                         [--atk {atk1, atk2, atk3, atk4, atk5, atk6, atk7, atk8, atk9, atk10}]
                         [--def {def1, def2, def3, def4, def5, def6, def7, def8, def9, def10}]
                         [--spd {spd1, spd2, spd3, spd4, spd5, spd6, spd7, spd8, spd9, spd10}]
                         [--help]
                         [--version]

battle_status.py: error: the following arguments are required: --game
                         --enemy
                         --id
                         --name
                         --description
                         --hp
                         --mp
                         --atk
                         --def
                         --spd
```

# Parameters
```shell
$ python3 battle_status.py --help
usage: battle_status.py [-h] [--game {game1, game2, game3, game4, game5, game6, game7, game8, game9, game10}]
                         [--enemy {enemy1, enemy2, enemy3, enemy4, enemy5, enemy6, enemy7, enemy8, enemy9, enemy10}]
                         [--id {id1, id2, id3, id4, id5, id6, id7, id8, id9, id10}]
                         [--name {name1, name2, name3, name4, name5, name6, name7, name8, name9, name10}]
                         [--description {description1, description